// Jest Snapshot v1, https://goo.gl/fbAQLP

exports[`Statrt authentication tests Check if user exist and find user in db 1`] = `"received is not a function"`;
